<p class="xh_fail">'test-hourly' is not a daily occupancy calendar!</p>