<!-- daily-lists -->
<div data-name="test-daily">
    <!-- mode-link -->
<p class="ocal_mode">
    <a class="ocal_button" href="/?ocal_action=calendar">Calendar view</a>
</p>
    <!-- statusbar -->
<div class="ocal_loaderbar"><img src="./images/ajax-loader-bar.gif" alt="loading"></div>
<div class="ocal_statusbar"></div>
    <!-- daily-list -->
<dl class="ocal_list">
    <dt>July 2023</dt>
    <dd class="ocal_noentry">There is no entry for this period.</dd>
</dl>
    <!-- pagination -->
<p class="ocal_pagination">
    <a class="ocal_button" href="/?ocal_year=2023&amp;ocal_month=7&amp;ocal_action=list">Today</a>
    <a class="ocal_button" href="/?ocal_year=2023&amp;ocal_month=8&amp;ocal_action=list">Next Month</a>
    <a class="ocal_button" href="/?ocal_year=2024&amp;ocal_month=7&amp;ocal_action=list">Next Year</a>
</p>
</div>
