<!-- daily-calendars -->
<div class="ocal_calendars" data-name="test-daily">
  <!-- mode-link -->
<p class="ocal_mode">
  <a class="ocal_button" href="/?ocal_action=list">List view</a>
</p>
  <!-- statusbar -->
<div class="ocal_loaderbar"><img src="./images/ajax-loader-bar.gif" alt="loading"></div>
<div class="ocal_statusbar"></div>
  <!-- daily-calendar -->
<table class="ocal_calendar" data-ocal_date="2023-07">
  <thead>
    <tr>
      <th colspan="7">July 2023</th>
    </tr>
    <tr>
      <th>M</th>
      <th>T</th>
      <th>W</th>
      <th>T</th>
      <th>F</th>
      <th>S</th>
      <th>S</th>
    </tr>
  </thead>
  <tbody>
    <tr>
      <td>&nbsp;</td>
      <td>&nbsp;</td>
      <td>&nbsp;</td>
      <td>&nbsp;</td>
      <td>&nbsp;</td>
      <td class="ocal_state " data-ocal_state="0" title="">1</td>
      <td class="ocal_state " data-ocal_state="0" title="">2</td>
    </tr>
    <tr>
      <td class="ocal_state " data-ocal_state="0" title="">3</td>
      <td class="ocal_state " data-ocal_state="0" title="">4</td>
      <td class="ocal_state " data-ocal_state="0" title="">5</td>
      <td class="ocal_state " data-ocal_state="0" title="">6</td>
      <td class="ocal_state " data-ocal_state="0" title="">7</td>
      <td class="ocal_state " data-ocal_state="0" title="">8</td>
      <td class="ocal_state " data-ocal_state="0" title="">9</td>
    </tr>
    <tr>
      <td class="ocal_state " data-ocal_state="0" title="">10</td>
      <td class="ocal_state " data-ocal_state="0" title="">11</td>
      <td class="ocal_state " data-ocal_state="0" title="">12</td>
      <td class="ocal_state " data-ocal_state="0" title="">13</td>
      <td class="ocal_state " data-ocal_state="0" title="">14</td>
      <td class="ocal_state " data-ocal_state="0" title="">15</td>
      <td class="ocal_state " data-ocal_state="0" title="">16</td>
    </tr>
    <tr>
      <td class="ocal_state " data-ocal_state="0" title="">17</td>
      <td class="ocal_state " data-ocal_state="0" title="">18</td>
      <td class="ocal_state " data-ocal_state="0" title="">19</td>
      <td class="ocal_state " data-ocal_state="0" title="">20</td>
      <td class="ocal_state " data-ocal_state="0" title="">21</td>
      <td class="ocal_state " data-ocal_state="0" title="">22</td>
      <td class="ocal_state " data-ocal_state="0" title="">23</td>
    </tr>
    <tr>
      <td class="ocal_state " data-ocal_state="0" title="">24</td>
      <td class="ocal_state " data-ocal_state="0" title="">25</td>
      <td class="ocal_state " data-ocal_state="0" title="">26</td>
      <td class="ocal_state " data-ocal_state="0" title="">27</td>
      <td class="ocal_state " data-ocal_state="0" title="">28</td>
      <td class="ocal_state " data-ocal_state="0" title="">29</td>
      <td class="ocal_state " data-ocal_state="0" title="">30</td>
    </tr>
    <tr>
      <td class="ocal_state " data-ocal_state="0" title="">31</td>
      <td>&nbsp;</td>
      <td>&nbsp;</td>
      <td>&nbsp;</td>
      <td>&nbsp;</td>
      <td>&nbsp;</td>
      <td>&nbsp;</td>
    </tr>
  </tbody>
</table>
  <!-- pagination -->
<p class="ocal_pagination">
  <a class="ocal_button" href="/?ocal_year=2023&amp;ocal_month=7&amp;ocal_action=calendar">Today</a>
  <a class="ocal_button" href="/?ocal_year=2023&amp;ocal_month=8&amp;ocal_action=calendar">Next Month</a>
  <a class="ocal_button" href="/?ocal_year=2024&amp;ocal_month=7&amp;ocal_action=calendar">Next Year</a>
</p>
</div>
