
<div data-name="test-daily">
  
<p class="ocal_mode">
  <a class="ocal_button" href="/?&amp;ocal_action=calendar">Calendar view</a>
</p>
  
<div class="ocal_loaderbar"><img src="./images/ajax-loader-bar.gif" alt="loading"></div>
<div class="ocal_statusbar"></div>
  
<dl class="ocal_list">
  <dt>July 2023</dt>
  <dd>
    <dl>
      <dt>9.</dt>
      <dd><span data-ocal_state="2">available</span></dd>
    </dl>
  </dd>
</dl>
  
<p class="ocal_pagination">
  <a class="ocal_button" href="/?&amp;ocal_year=2023&amp;ocal_month=7&amp;ocal_action=list">Today</a>
  <a class="ocal_button" href="/?&amp;ocal_year=2023&amp;ocal_month=8&amp;ocal_action=list">Next Month</a>
  <a class="ocal_button" href="/?&amp;ocal_year=2024&amp;ocal_month=7&amp;ocal_action=list">Next Year</a>
</p>
</div>
