<p class="xh_fail">'test-daily' is not a hourly occupancy calendar!</p>