
<script type="module" src="./ocal.min.js"></script>
<div class="ocal_week_calendars" data-name="test-hourly" data-ocal-config='{"message_unsaved_changes":"There are unsaved changes that will be lost when leaving the page!","isAdmin":true}'>
  
<p class="ocal_mode">
  <a class="ocal_button" href="/?&amp;ocal_action=list">List view</a>
</p>
  <input type="hidden" name="xh_csrf_token" value="dcfff515ebf5bd421d5a0777afc6358b">  
<div class="ocal_toolbar">
  <span class="ocal_state" data-ocal_state="0" title=""></span>
  <span class="ocal_state" data-ocal_state="1" title="available"></span>
  <span class="ocal_state" data-ocal_state="2" title="reserved"></span>
  <span class="ocal_state" data-ocal_state="3" title="booked"></span>
  <button type="button" class="ocal_save" disabled="disabled">Save</button>
</div>
  
<div class="ocal_loaderbar"><img src="./images/ajax-loader-bar.gif" alt="loading"></div>
<div class="ocal_statusbar"></div>
  
<table class="ocal_calendar" data-ocal_date="2023-26">
  <thead>
    <tr>
      <th colspan="7">6/26/2023–7/2/2023</th>
    </tr>
    <tr>
      <th>M</th>
      <th>T</th>
      <th>W</th>
      <th>T</th>
      <th>F</th>
      <th>S</th>
      <th>S</th>
    </tr>
  </thead>
  <tbody>
    <tr>
      <td class="ocal_state" data-ocal_state="0" title="">7</td>
      <td class="ocal_state" data-ocal_state="0" title="">7</td>
      <td class="ocal_state" data-ocal_state="0" title="">7</td>
      <td class="ocal_state" data-ocal_state="0" title="">7</td>
      <td class="ocal_state" data-ocal_state="0" title="">7</td>
      <td class="ocal_state" data-ocal_state="0" title="">7</td>
      <td class="ocal_state" data-ocal_state="0" title="">7</td>
    </tr>
    <tr>
      <td class="ocal_state" data-ocal_state="0" title="">8</td>
      <td class="ocal_state" data-ocal_state="0" title="">8</td>
      <td class="ocal_state" data-ocal_state="0" title="">8</td>
      <td class="ocal_state" data-ocal_state="0" title="">8</td>
      <td class="ocal_state" data-ocal_state="0" title="">8</td>
      <td class="ocal_state" data-ocal_state="0" title="">8</td>
      <td class="ocal_state" data-ocal_state="0" title="">8</td>
    </tr>
    <tr>
      <td class="ocal_state" data-ocal_state="0" title="">9</td>
      <td class="ocal_state" data-ocal_state="0" title="">9</td>
      <td class="ocal_state" data-ocal_state="0" title="">9</td>
      <td class="ocal_state" data-ocal_state="0" title="">9</td>
      <td class="ocal_state" data-ocal_state="0" title="">9</td>
      <td class="ocal_state" data-ocal_state="0" title="">9</td>
      <td class="ocal_state" data-ocal_state="0" title="">9</td>
    </tr>
    <tr>
      <td class="ocal_state" data-ocal_state="0" title="">10</td>
      <td class="ocal_state" data-ocal_state="0" title="">10</td>
      <td class="ocal_state" data-ocal_state="0" title="">10</td>
      <td class="ocal_state" data-ocal_state="0" title="">10</td>
      <td class="ocal_state" data-ocal_state="0" title="">10</td>
      <td class="ocal_state" data-ocal_state="0" title="">10</td>
      <td class="ocal_state" data-ocal_state="0" title="">10</td>
    </tr>
    <tr>
      <td class="ocal_state" data-ocal_state="0" title="">11</td>
      <td class="ocal_state" data-ocal_state="0" title="">11</td>
      <td class="ocal_state" data-ocal_state="0" title="">11</td>
      <td class="ocal_state" data-ocal_state="0" title="">11</td>
      <td class="ocal_state" data-ocal_state="0" title="">11</td>
      <td class="ocal_state" data-ocal_state="0" title="">11</td>
      <td class="ocal_state" data-ocal_state="0" title="">11</td>
    </tr>
    <tr>
      <td class="ocal_state" data-ocal_state="0" title="">12</td>
      <td class="ocal_state" data-ocal_state="0" title="">12</td>
      <td class="ocal_state" data-ocal_state="0" title="">12</td>
      <td class="ocal_state" data-ocal_state="0" title="">12</td>
      <td class="ocal_state" data-ocal_state="0" title="">12</td>
      <td class="ocal_state" data-ocal_state="0" title="">12</td>
      <td class="ocal_state" data-ocal_state="0" title="">12</td>
    </tr>
    <tr>
      <td class="ocal_state" data-ocal_state="0" title="">13</td>
      <td class="ocal_state" data-ocal_state="0" title="">13</td>
      <td class="ocal_state" data-ocal_state="0" title="">13</td>
      <td class="ocal_state" data-ocal_state="0" title="">13</td>
      <td class="ocal_state" data-ocal_state="0" title="">13</td>
      <td class="ocal_state" data-ocal_state="0" title="">13</td>
      <td class="ocal_state" data-ocal_state="0" title="">13</td>
    </tr>
    <tr>
      <td class="ocal_state" data-ocal_state="0" title="">14</td>
      <td class="ocal_state" data-ocal_state="0" title="">14</td>
      <td class="ocal_state" data-ocal_state="0" title="">14</td>
      <td class="ocal_state" data-ocal_state="0" title="">14</td>
      <td class="ocal_state" data-ocal_state="0" title="">14</td>
      <td class="ocal_state" data-ocal_state="0" title="">14</td>
      <td class="ocal_state" data-ocal_state="0" title="">14</td>
    </tr>
    <tr>
      <td class="ocal_state" data-ocal_state="0" title="">15</td>
      <td class="ocal_state" data-ocal_state="0" title="">15</td>
      <td class="ocal_state" data-ocal_state="0" title="">15</td>
      <td class="ocal_state" data-ocal_state="0" title="">15</td>
      <td class="ocal_state" data-ocal_state="0" title="">15</td>
      <td class="ocal_state" data-ocal_state="0" title="">15</td>
      <td class="ocal_state" data-ocal_state="0" title="">15</td>
    </tr>
    <tr>
      <td class="ocal_state" data-ocal_state="0" title="">16</td>
      <td class="ocal_state" data-ocal_state="0" title="">16</td>
      <td class="ocal_state" data-ocal_state="0" title="">16</td>
      <td class="ocal_state" data-ocal_state="0" title="">16</td>
      <td class="ocal_state" data-ocal_state="0" title="">16</td>
      <td class="ocal_state" data-ocal_state="0" title="">16</td>
      <td class="ocal_state" data-ocal_state="0" title="">16</td>
    </tr>
    <tr>
      <td class="ocal_state" data-ocal_state="0" title="">17</td>
      <td class="ocal_state" data-ocal_state="0" title="">17</td>
      <td class="ocal_state" data-ocal_state="0" title="">17</td>
      <td class="ocal_state" data-ocal_state="0" title="">17</td>
      <td class="ocal_state" data-ocal_state="0" title="">17</td>
      <td class="ocal_state" data-ocal_state="0" title="">17</td>
      <td class="ocal_state" data-ocal_state="0" title="">17</td>
    </tr>
    <tr>
      <td class="ocal_state" data-ocal_state="0" title="">18</td>
      <td class="ocal_state" data-ocal_state="0" title="">18</td>
      <td class="ocal_state" data-ocal_state="0" title="">18</td>
      <td class="ocal_state" data-ocal_state="0" title="">18</td>
      <td class="ocal_state" data-ocal_state="0" title="">18</td>
      <td class="ocal_state" data-ocal_state="0" title="">18</td>
      <td class="ocal_state" data-ocal_state="0" title="">18</td>
    </tr>
    <tr>
      <td class="ocal_state" data-ocal_state="0" title="">19</td>
      <td class="ocal_state" data-ocal_state="0" title="">19</td>
      <td class="ocal_state" data-ocal_state="0" title="">19</td>
      <td class="ocal_state" data-ocal_state="0" title="">19</td>
      <td class="ocal_state" data-ocal_state="0" title="">19</td>
      <td class="ocal_state" data-ocal_state="0" title="">19</td>
      <td class="ocal_state" data-ocal_state="0" title="">19</td>
    </tr>
  </tbody>
</table>
  
<p class="ocal_pagination">
  <a class="ocal_button" href="/?&amp;ocal_year=2023&amp;ocal_week=26&amp;ocal_action=calendar">Today</a>
  <a class="ocal_button" href="/?&amp;ocal_year=2023&amp;ocal_week=27&amp;ocal_action=calendar">Next interval</a>
</p>
</div>
