
<script type="module" src="./ocal.min.js"></script>
<div class="ocal_week_lists" data-name="test-hourly" data-ocal-config='{"message_unsaved_changes":"There are unsaved changes that will be lost when leaving the page!","isAdmin":false}'>
  
<p class="ocal_mode">
  <a class="ocal_button" href="/?&amp;ocal_action=calendar">Calendar view</a>
</p>
  
<div class="ocal_loaderbar"><img src="./images/ajax-loader-bar.gif" alt="loading"></div>
<div class="ocal_statusbar"></div>
  
<dl class="ocal_list">
  <dt>2/10/2023</dt>
  <dd>
    <dl>
      <dt>12:00-13:00</dt>
      <dd><span data-ocal_state="1">reserved</span></dd>
    </dl>
  </dd>
</dl>
  
<p class="ocal_pagination">
  <a class="ocal_button" href="/?&amp;ocal_year=2023&amp;ocal_week=26&amp;ocal_action=list">Today</a>
  <a class="ocal_button" href="/?&amp;ocal_year=2023&amp;ocal_week=27&amp;ocal_action=list">NextÂ interval</a>
</p>
</div>
