
<script type="module" src="/ocal.min.js?&amp;v=1.4-dev"></script>
<div class="ocal_week_lists" data-name="test-hourly" data-ocal-config='{"message_unsaved_changes":"There are unsaved changes that will be lost when leaving the page!","isAdmin":false}'>
  
<p class="ocal_mode">
  <a class="ocal_button" href="/?&amp;ocal_action=calendar">Calendar view</a>
</p>
  
<div class="ocal_loaderbar"><img src="./images/ajax-loader-bar.gif" alt="loading"></div>
<div class="ocal_statusbar"></div>
  
<dl class="ocal_list">
  <dt>6/26/2023–7/2/2023</dt>
  <dd class="ocal_noentry">There is no entry for this period.</dd>
</dl>
  
<p class="ocal_pagination">
  <a class="ocal_button" href="/?&amp;ocal_action=list&amp;ocal_year=2023&amp;ocal_week=26">Today</a>
  <a class="ocal_button" href="/?&amp;ocal_action=list&amp;ocal_year=2023&amp;ocal_week=27">Next interval</a>
</p>
</div>
