
<script type="module" src="/ocal.js?&amp;v=1.5-dev"></script>
<div class="ocal_week_calendars" data-name="test-hourly" data-ocal-config='{"message_unsaved_changes":"There are unsaved changes that will be lost when leaving the page!","isAdmin":true}'>
  
<p class="ocal_mode">
  <a class="ocal_button" href="/?&amp;ocal_name=test-hourly&amp;ocal_action=list">List view</a>
</p>
  <input type="hidden" name="ocal_token" value="dcfff515ebf5bd421d5a0777afc6358b">
  <input type="hidden" name="ocal_checksum" value="da39a3ee5e6b4b0d3255bfef95601890afd80709">
  
<div class="ocal_toolbar">
  <span class="ocal_state" data-ocal_state="0" title=""></span>
  <span class="ocal_state" data-ocal_state="1" title="available"></span>
  <span class="ocal_state" data-ocal_state="2" title="reserved"></span>
  <span class="ocal_state" data-ocal_state="3" title="booked"></span>
  <button type="button" class="ocal_save" disabled="disabled">Save</button>
</div>
  
<div class="ocal_loaderbar"><img src="./images/ajax-loader-bar.gif" alt="loading"></div>
<div class="ocal_statusbar"></div>
  
<table class="ocal_calendar" data-ocal_date="2023-26">
  <thead>
    <tr>
      <th colspan="7">6/26/2023–7/2/2023</th>
    </tr>
    <tr>
      <th>M</th>
      <th>T</th>
      <th>W</th>
      <th>T</th>
      <th>F</th>
      <th>S</th>
      <th>S</th>
    </tr>
  </thead>
  <tbody>
    <tr>
      <td class="ocal_state" data-ocal_state="0" title="">07:00</td>
      <td class="ocal_state" data-ocal_state="0" title="">07:00</td>
      <td class="ocal_state" data-ocal_state="0" title="">07:00</td>
      <td class="ocal_state" data-ocal_state="0" title="">07:00</td>
      <td class="ocal_state" data-ocal_state="0" title="">07:00</td>
      <td class="ocal_state" data-ocal_state="0" title="">07:00</td>
      <td class="ocal_state" data-ocal_state="0" title="">07:00</td>
    </tr>
    <tr>
      <td class="ocal_state" data-ocal_state="0" title="">08:00</td>
      <td class="ocal_state" data-ocal_state="0" title="">08:00</td>
      <td class="ocal_state" data-ocal_state="0" title="">08:00</td>
      <td class="ocal_state" data-ocal_state="0" title="">08:00</td>
      <td class="ocal_state" data-ocal_state="0" title="">08:00</td>
      <td class="ocal_state" data-ocal_state="0" title="">08:00</td>
      <td class="ocal_state" data-ocal_state="0" title="">08:00</td>
    </tr>
    <tr>
      <td class="ocal_state" data-ocal_state="0" title="">09:00</td>
      <td class="ocal_state" data-ocal_state="0" title="">09:00</td>
      <td class="ocal_state" data-ocal_state="0" title="">09:00</td>
      <td class="ocal_state" data-ocal_state="0" title="">09:00</td>
      <td class="ocal_state" data-ocal_state="0" title="">09:00</td>
      <td class="ocal_state" data-ocal_state="0" title="">09:00</td>
      <td class="ocal_state" data-ocal_state="0" title="">09:00</td>
    </tr>
    <tr>
      <td class="ocal_state" data-ocal_state="0" title="">10:00</td>
      <td class="ocal_state" data-ocal_state="0" title="">10:00</td>
      <td class="ocal_state" data-ocal_state="0" title="">10:00</td>
      <td class="ocal_state" data-ocal_state="0" title="">10:00</td>
      <td class="ocal_state" data-ocal_state="0" title="">10:00</td>
      <td class="ocal_state" data-ocal_state="0" title="">10:00</td>
      <td class="ocal_state" data-ocal_state="0" title="">10:00</td>
    </tr>
    <tr>
      <td class="ocal_state" data-ocal_state="0" title="">11:00</td>
      <td class="ocal_state" data-ocal_state="0" title="">11:00</td>
      <td class="ocal_state" data-ocal_state="0" title="">11:00</td>
      <td class="ocal_state" data-ocal_state="0" title="">11:00</td>
      <td class="ocal_state" data-ocal_state="0" title="">11:00</td>
      <td class="ocal_state" data-ocal_state="0" title="">11:00</td>
      <td class="ocal_state" data-ocal_state="0" title="">11:00</td>
    </tr>
    <tr>
      <td class="ocal_state" data-ocal_state="0" title="">12:00</td>
      <td class="ocal_state" data-ocal_state="0" title="">12:00</td>
      <td class="ocal_state" data-ocal_state="0" title="">12:00</td>
      <td class="ocal_state" data-ocal_state="0" title="">12:00</td>
      <td class="ocal_state" data-ocal_state="0" title="">12:00</td>
      <td class="ocal_state" data-ocal_state="0" title="">12:00</td>
      <td class="ocal_state" data-ocal_state="0" title="">12:00</td>
    </tr>
    <tr>
      <td class="ocal_state" data-ocal_state="0" title="">13:00</td>
      <td class="ocal_state" data-ocal_state="0" title="">13:00</td>
      <td class="ocal_state" data-ocal_state="0" title="">13:00</td>
      <td class="ocal_state" data-ocal_state="0" title="">13:00</td>
      <td class="ocal_state" data-ocal_state="0" title="">13:00</td>
      <td class="ocal_state" data-ocal_state="0" title="">13:00</td>
      <td class="ocal_state" data-ocal_state="0" title="">13:00</td>
    </tr>
    <tr>
      <td class="ocal_state" data-ocal_state="0" title="">14:00</td>
      <td class="ocal_state" data-ocal_state="0" title="">14:00</td>
      <td class="ocal_state" data-ocal_state="0" title="">14:00</td>
      <td class="ocal_state" data-ocal_state="0" title="">14:00</td>
      <td class="ocal_state" data-ocal_state="0" title="">14:00</td>
      <td class="ocal_state" data-ocal_state="0" title="">14:00</td>
      <td class="ocal_state" data-ocal_state="0" title="">14:00</td>
    </tr>
    <tr>
      <td class="ocal_state" data-ocal_state="0" title="">15:00</td>
      <td class="ocal_state" data-ocal_state="0" title="">15:00</td>
      <td class="ocal_state" data-ocal_state="0" title="">15:00</td>
      <td class="ocal_state" data-ocal_state="0" title="">15:00</td>
      <td class="ocal_state" data-ocal_state="0" title="">15:00</td>
      <td class="ocal_state" data-ocal_state="0" title="">15:00</td>
      <td class="ocal_state" data-ocal_state="0" title="">15:00</td>
    </tr>
    <tr>
      <td class="ocal_state" data-ocal_state="0" title="">16:00</td>
      <td class="ocal_state" data-ocal_state="0" title="">16:00</td>
      <td class="ocal_state" data-ocal_state="0" title="">16:00</td>
      <td class="ocal_state" data-ocal_state="0" title="">16:00</td>
      <td class="ocal_state" data-ocal_state="0" title="">16:00</td>
      <td class="ocal_state" data-ocal_state="0" title="">16:00</td>
      <td class="ocal_state" data-ocal_state="0" title="">16:00</td>
    </tr>
    <tr>
      <td class="ocal_state" data-ocal_state="0" title="">17:00</td>
      <td class="ocal_state" data-ocal_state="0" title="">17:00</td>
      <td class="ocal_state" data-ocal_state="0" title="">17:00</td>
      <td class="ocal_state" data-ocal_state="0" title="">17:00</td>
      <td class="ocal_state" data-ocal_state="0" title="">17:00</td>
      <td class="ocal_state" data-ocal_state="0" title="">17:00</td>
      <td class="ocal_state" data-ocal_state="0" title="">17:00</td>
    </tr>
    <tr>
      <td class="ocal_state" data-ocal_state="0" title="">18:00</td>
      <td class="ocal_state" data-ocal_state="0" title="">18:00</td>
      <td class="ocal_state" data-ocal_state="0" title="">18:00</td>
      <td class="ocal_state" data-ocal_state="0" title="">18:00</td>
      <td class="ocal_state" data-ocal_state="0" title="">18:00</td>
      <td class="ocal_state" data-ocal_state="0" title="">18:00</td>
      <td class="ocal_state" data-ocal_state="0" title="">18:00</td>
    </tr>
    <tr>
      <td class="ocal_state" data-ocal_state="0" title="">19:00</td>
      <td class="ocal_state" data-ocal_state="0" title="">19:00</td>
      <td class="ocal_state" data-ocal_state="0" title="">19:00</td>
      <td class="ocal_state" data-ocal_state="0" title="">19:00</td>
      <td class="ocal_state" data-ocal_state="0" title="">19:00</td>
      <td class="ocal_state" data-ocal_state="0" title="">19:00</td>
      <td class="ocal_state" data-ocal_state="0" title="">19:00</td>
    </tr>
  </tbody>
</table>
  
<p class="ocal_pagination">
  <a class="ocal_button" href="/?&amp;ocal_name=test-hourly&amp;ocal_year=2023&amp;ocal_week=26&amp;ocal_action=calendar">Today</a>
  <a class="ocal_button" href="/?&amp;ocal_name=test-hourly&amp;ocal_year=2023&amp;ocal_week=27&amp;ocal_action=calendar">Next interval</a>
</p>
</div>
