
<div data-name="test-hourly">
  
<p class="ocal_mode">
  <a class="ocal_button" href="/?&amp;ocal_action=calendar">Calendar view</a>
</p>
  
<div class="ocal_loaderbar"><img src="./images/ajax-loader-bar.gif" alt="loading"></div>
<div class="ocal_statusbar"></div>
  
<dl class="ocal_list">
  <dt>6/26/2023–7/2/2023</dt>
  <dd class="ocal_noentry">There is no entry for this period.</dd>
</dl>
  
<p class="ocal_pagination">
  <a class="ocal_button" href="/?&amp;ocal_year=2023&amp;ocal_week=26&amp;ocal_action=list">Today</a>
  <a class="ocal_button" href="/?&amp;ocal_year=2023&amp;ocal_week=27&amp;ocal_action=list">Next interval</a>
</p>
</div>
